// Jest Snapshot v1, https://goo.gl/fbAQLP

exports[`Navbar Snapshot Comprobar la UI del componente Navbar 1`] = `
<div>
  <header
    className="MuiPaper-root MuiAppBar-root MuiAppBar-positionStatic MuiAppBar-colorPrimary MuiPaper-elevation4"
  >
    <div
      className="MuiToolbar-root MuiToolbar-regular MuiToolbar-gutters"
    >
      <h4
        className="MuiTypography-root makeStyles-title-1 MuiTypography-h4 MuiTypography-alignCenter"
      >
        JOBQO
      </h4>
    </div>
  </header>
  <div
    className="MuiToolbar-root MuiToolbar-regular MuiToolbar-gutters"
  />
</div>
`;
